Watching for file changes with StatReloader
[17/Jun/2026 20:14:51] "POST /upload-dataset HTTP/1.1" 200 1299
[17/Jun/2026 20:14:51] "POST /train HTTP/1.1" 200 99
[17/Jun/2026 20:14:53] "OPTIONS /train/status/a6c54f179ed8460f8fe708303edf12e2 HTTP/1.1" 200 0
[17/Jun/2026 20:14:53] "GET /train/status/a6c54f179ed8460f8fe708303edf12e2 HTTP/1.1" 200 451
[17/Jun/2026 20:14:54] "GET /train/status/a6c54f179ed8460f8fe708303edf12e2 HTTP/1.1" 200 451
[17/Jun/2026 20:14:54] "GET /train/status/a6c54f179ed8460f8fe708303edf12e2 HTTP/1.1" 200 451
[17/Jun/2026 20:14:56] "GET /train/status/a6c54f179ed8460f8fe708303edf12e2 HTTP/1.1" 200 451
[17/Jun/2026 20:14:57] "GET /train/status/a6c54f179ed8460f8fe708303edf12e2 HTTP/1.1" 200 451
[17/Jun/2026 20:14:58] "GET /train/status/a6c54f179ed8460f8fe708303edf12e2 HTTP/1.1" 200 451
[17/Jun/2026 20:14:58] "GET /train/status/a6c54f179ed8460f8fe708303edf12e2 HTTP/1.1" 200 451
[17/Jun/2026 20:14:59] "GET /train/status/a6c54f179ed8460f8fe708303edf12e2 HTTP/1.1" 200 451
[17/Jun/2026 20:15:00] "GET /train/status/a6c54f179ed8460f8fe708303edf12e2 HTTP/1.1" 200 451
[17/Jun/2026 20:15:01] "GET /train/status/a6c54f179ed8460f8fe708303edf12e2 HTTP/1.1" 200 451
[17/Jun/2026 20:15:02] "GET /train/status/a6c54f179ed8460f8fe708303edf12e2 HTTP/1.1" 200 451
[17/Jun/2026 20:15:03] "GET /train/status/a6c54f179ed8460f8fe708303edf12e2 HTTP/1.1" 200 451
[17/Jun/2026 20:15:04] "GET /train/status/a6c54f179ed8460f8fe708303edf12e2 HTTP/1.1" 200 451
[17/Jun/2026 20:15:05] "GET /train/status/a6c54f179ed8460f8fe708303edf12e2 HTTP/1.1" 200 451
[17/Jun/2026 20:15:06] "GET /train/status/a6c54f179ed8460f8fe708303edf12e2 HTTP/1.1" 200 451
[17/Jun/2026 20:15:07] "GET /train/status/a6c54f179ed8460f8fe708303edf12e2 HTTP/1.1" 200 451
[17/Jun/2026 20:15:08] "GET /train/status/a6c54f179ed8460f8fe708303edf12e2 HTTP/1.1" 200 451
[17/Jun/2026 20:15:09] "GET /train/status/a6c54f179ed8460f8fe708303edf12e2 HTTP/1.1" 200 451
[17/Jun/2026 20:15:10] "GET /train/status/a6c54f179ed8460f8fe708303edf12e2 HTTP/1.1" 200 451
[17/Jun/2026 20:15:11] "GET /train/status/a6c54f179ed8460f8fe708303edf12e2 HTTP/1.1" 200 451
[17/Jun/2026 20:15:12] "GET /train/status/a6c54f179ed8460f8fe708303edf12e2 HTTP/1.1" 200 451
[17/Jun/2026 20:15:13] "GET /train/status/a6c54f179ed8460f8fe708303edf12e2 HTTP/1.1" 200 451
[17/Jun/2026 20:15:14] "GET /train/status/a6c54f179ed8460f8fe708303edf12e2 HTTP/1.1" 200 451
[17/Jun/2026 20:15:15] "GET /train/status/a6c54f179ed8460f8fe708303edf12e2 HTTP/1.1" 200 451
[17/Jun/2026 20:15:17] "GET /train/status/a6c54f179ed8460f8fe708303edf12e2 HTTP/1.1" 200 451
[17/Jun/2026 20:15:17] "GET /train/status/a6c54f179ed8460f8fe708303edf12e2 HTTP/1.1" 200 451
[17/Jun/2026 20:15:19] "GET /train/status/a6c54f179ed8460f8fe708303edf12e2 HTTP/1.1" 200 451
[17/Jun/2026 20:15:19] "GET /train/status/a6c54f179ed8460f8fe708303edf12e2 HTTP/1.1" 200 451
[17/Jun/2026 20:15:20] "GET /train/status/a6c54f179ed8460f8fe708303edf12e2 HTTP/1.1" 200 451
[17/Jun/2026 20:15:21] "GET /train/status/a6c54f179ed8460f8fe708303edf12e2 HTTP/1.1" 200 451
[17/Jun/2026 20:15:22] "GET /train/status/a6c54f179ed8460f8fe708303edf12e2 HTTP/1.1" 200 451
[17/Jun/2026 20:15:23] "GET /train/status/a6c54f179ed8460f8fe708303edf12e2 HTTP/1.1" 200 451
[17/Jun/2026 20:15:24] "GET /train/status/a6c54f179ed8460f8fe708303edf12e2 HTTP/1.1" 200 451
[17/Jun/2026 20:15:26] "GET /train/status/a6c54f179ed8460f8fe708303edf12e2 HTTP/1.1" 200 451
[17/Jun/2026 20:15:26] "GET /train/status/a6c54f179ed8460f8fe708303edf12e2 HTTP/1.1" 200 451
[17/Jun/2026 20:15:27] "GET /train/status/a6c54f179ed8460f8fe708303edf12e2 HTTP/1.1" 200 451
[17/Jun/2026 20:15:28] "GET /train/status/a6c54f179ed8460f8fe708303edf12e2 HTTP/1.1" 200 451
[17/Jun/2026 20:15:29] "GET /train/status/a6c54f179ed8460f8fe708303edf12e2 HTTP/1.1" 200 451
[17/Jun/2026 20:15:30] "GET /train/status/a6c54f179ed8460f8fe708303edf12e2 HTTP/1.1" 200 451
[17/Jun/2026 20:15:31] "GET /train/status/a6c54f179ed8460f8fe708303edf12e2 HTTP/1.1" 200 451
[17/Jun/2026 20:15:32] "GET /train/status/a6c54f179ed8460f8fe708303edf12e2 HTTP/1.1" 200 451
[17/Jun/2026 20:15:33] "GET /train/status/a6c54f179ed8460f8fe708303edf12e2 HTTP/1.1" 200 451
[17/Jun/2026 20:15:34] "GET /train/status/a6c54f179ed8460f8fe708303edf12e2 HTTP/1.1" 200 451
[17/Jun/2026 20:15:35] "GET /train/status/a6c54f179ed8460f8fe708303edf12e2 HTTP/1.1" 200 451
[17/Jun/2026 20:15:36] "GET /train/status/a6c54f179ed8460f8fe708303edf12e2 HTTP/1.1" 200 451
[17/Jun/2026 20:15:37] "GET /train/status/a6c54f179ed8460f8fe708303edf12e2 HTTP/1.1" 200 451
[17/Jun/2026 20:15:38] "GET /train/status/a6c54f179ed8460f8fe708303edf12e2 HTTP/1.1" 200 451
[17/Jun/2026 20:15:39] "GET /train/status/a6c54f179ed8460f8fe708303edf12e2 HTTP/1.1" 200 451
[17/Jun/2026 20:15:40] "GET /train/status/a6c54f179ed8460f8fe708303edf12e2 HTTP/1.1" 200 451
[17/Jun/2026 20:15:41] "GET /train/status/a6c54f179ed8460f8fe708303edf12e2 HTTP/1.1" 200 451
[17/Jun/2026 20:15:42] "GET /train/status/a6c54f179ed8460f8fe708303edf12e2 HTTP/1.1" 200 451
[17/Jun/2026 20:15:43] "GET /train/status/a6c54f179ed8460f8fe708303edf12e2 HTTP/1.1" 200 451
[17/Jun/2026 20:15:44] "GET /train/status/a6c54f179ed8460f8fe708303edf12e2 HTTP/1.1" 200 451
[17/Jun/2026 20:15:45] "GET /train/status/a6c54f179ed8460f8fe708303edf12e2 HTTP/1.1" 200 451
[17/Jun/2026 20:15:46] "GET /train/status/a6c54f179ed8460f8fe708303edf12e2 HTTP/1.1" 200 451
[17/Jun/2026 20:15:47] "GET /train/status/a6c54f179ed8460f8fe708303edf12e2 HTTP/1.1" 200 451
[17/Jun/2026 20:15:48] "GET /train/status/a6c54f179ed8460f8fe708303edf12e2 HTTP/1.1" 200 451
[17/Jun/2026 20:15:49] "GET /train/status/a6c54f179ed8460f8fe708303edf12e2 HTTP/1.1" 200 451
[17/Jun/2026 20:15:50] "GET /train/status/a6c54f179ed8460f8fe708303edf12e2 HTTP/1.1" 200 451
[17/Jun/2026 20:15:51] "GET /train/status/a6c54f179ed8460f8fe708303edf12e2 HTTP/1.1" 200 451
[17/Jun/2026 20:15:52] "GET /train/status/a6c54f179ed8460f8fe708303edf12e2 HTTP/1.1" 200 451
[17/Jun/2026 20:15:53] "GET /train/status/a6c54f179ed8460f8fe708303edf12e2 HTTP/1.1" 200 451
[17/Jun/2026 20:15:54] "GET /train/status/a6c54f179ed8460f8fe708303edf12e2 HTTP/1.1" 200 451
[17/Jun/2026 20:15:55] "GET /train/status/a6c54f179ed8460f8fe708303edf12e2 HTTP/1.1" 200 451
[17/Jun/2026 20:15:56] "GET /train/status/a6c54f179ed8460f8fe708303edf12e2 HTTP/1.1" 200 451
[17/Jun/2026 20:15:57] "GET /train/status/a6c54f179ed8460f8fe708303edf12e2 HTTP/1.1" 200 451
[17/Jun/2026 20:15:58] "GET /train/status/a6c54f179ed8460f8fe708303edf12e2 HTTP/1.1" 200 451
[17/Jun/2026 20:15:59] "GET /train/status/a6c54f179ed8460f8fe708303edf12e2 HTTP/1.1" 200 451
[17/Jun/2026 20:16:00] "GET /train/status/a6c54f179ed8460f8fe708303edf12e2 HTTP/1.1" 200 451
[17/Jun/2026 20:16:02] "GET /train/status/a6c54f179ed8460f8fe708303edf12e2 HTTP/1.1" 200 451
[17/Jun/2026 20:16:02] "GET /train/status/a6c54f179ed8460f8fe708303edf12e2 HTTP/1.1" 200 451
[17/Jun/2026 20:16:03] "GET /train/status/a6c54f179ed8460f8fe708303edf12e2 HTTP/1.1" 200 451
[17/Jun/2026 20:16:04] "GET /train/status/a6c54f179ed8460f8fe708303edf12e2 HTTP/1.1" 200 451
[17/Jun/2026 20:16:05] "GET /train/status/a6c54f179ed8460f8fe708303edf12e2 HTTP/1.1" 200 451
[17/Jun/2026 20:16:06] "GET /train/status/a6c54f179ed8460f8fe708303edf12e2 HTTP/1.1" 200 451
[17/Jun/2026 20:16:07] "GET /train/status/a6c54f179ed8460f8fe708303edf12e2 HTTP/1.1" 200 451
[17/Jun/2026 20:16:08] "GET /train/status/a6c54f179ed8460f8fe708303edf12e2 HTTP/1.1" 200 451
[17/Jun/2026 20:16:09] "GET /train/status/a6c54f179ed8460f8fe708303edf12e2 HTTP/1.1" 200 451
[17/Jun/2026 20:16:10] "GET /train/status/a6c54f179ed8460f8fe708303edf12e2 HTTP/1.1" 200 451
[17/Jun/2026 20:16:11] "GET /train/status/a6c54f179ed8460f8fe708303edf12e2 HTTP/1.1" 200 451
[17/Jun/2026 20:16:12] "GET /train/status/a6c54f179ed8460f8fe708303edf12e2 HTTP/1.1" 200 451
[17/Jun/2026 20:16:13] "GET /train/status/a6c54f179ed8460f8fe708303edf12e2 HTTP/1.1" 200 451
[17/Jun/2026 20:16:14] "GET /train/status/a6c54f179ed8460f8fe708303edf12e2 HTTP/1.1" 200 451
[17/Jun/2026 20:16:16] "GET /train/status/a6c54f179ed8460f8fe708303edf12e2 HTTP/1.1" 200 451
[17/Jun/2026 20:16:16] "GET /train/status/a6c54f179ed8460f8fe708303edf12e2 HTTP/1.1" 200 451
[17/Jun/2026 20:16:17] "GET /train/status/a6c54f179ed8460f8fe708303edf12e2 HTTP/1.1" 200 451
[17/Jun/2026 20:16:18] "GET /train/status/a6c54f179ed8460f8fe708303edf12e2 HTTP/1.1" 200 451
[17/Jun/2026 20:16:19] "GET /train/status/a6c54f179ed8460f8fe708303edf12e2 HTTP/1.1" 200 451
[17/Jun/2026 20:16:20] "GET /train/status/a6c54f179ed8460f8fe708303edf12e2 HTTP/1.1" 200 451
[17/Jun/2026 20:16:21] "GET /train/status/a6c54f179ed8460f8fe708303edf12e2 HTTP/1.1" 200 451
[17/Jun/2026 20:16:22] "GET /train/status/a6c54f179ed8460f8fe708303edf12e2 HTTP/1.1" 200 451
[17/Jun/2026 20:16:23] "GET /train/status/a6c54f179ed8460f8fe708303edf12e2 HTTP/1.1" 200 451
[17/Jun/2026 20:16:24] "GET /train/status/a6c54f179ed8460f8fe708303edf12e2 HTTP/1.1" 200 451
[17/Jun/2026 20:16:25] "GET /train/status/a6c54f179ed8460f8fe708303edf12e2 HTTP/1.1" 200 451
[17/Jun/2026 20:16:26] "GET /train/status/a6c54f179ed8460f8fe708303edf12e2 HTTP/1.1" 200 451
[17/Jun/2026 20:16:27] "GET /train/status/a6c54f179ed8460f8fe708303edf12e2 HTTP/1.1" 200 451
[17/Jun/2026 20:16:28] "GET /train/status/a6c54f179ed8460f8fe708303edf12e2 HTTP/1.1" 200 451
[17/Jun/2026 20:16:29] "GET /train/status/a6c54f179ed8460f8fe708303edf12e2 HTTP/1.1" 200 451
[17/Jun/2026 20:16:31] "GET /train/status/a6c54f179ed8460f8fe708303edf12e2 HTTP/1.1" 200 451
[17/Jun/2026 20:16:31] "GET /train/status/a6c54f179ed8460f8fe708303edf12e2 HTTP/1.1" 200 451
[17/Jun/2026 20:16:32] "GET /train/status/a6c54f179ed8460f8fe708303edf12e2 HTTP/1.1" 200 451
[17/Jun/2026 20:16:34] "GET /train/status/a6c54f179ed8460f8fe708303edf12e2 HTTP/1.1" 200 451
[17/Jun/2026 20:16:34] "GET /train/status/a6c54f179ed8460f8fe708303edf12e2 HTTP/1.1" 200 451
[17/Jun/2026 20:16:35] "GET /train/status/a6c54f179ed8460f8fe708303edf12e2 HTTP/1.1" 200 451
[17/Jun/2026 20:16:36] "GET /train/status/a6c54f179ed8460f8fe708303edf12e2 HTTP/1.1" 200 451
[17/Jun/2026 20:16:40] "GET /train/status/a6c54f179ed8460f8fe708303edf12e2 HTTP/1.1" 200 451
[17/Jun/2026 20:16:42] "GET /train/status/a6c54f179ed8460f8fe708303edf12e2 HTTP/1.1" 200 451
[17/Jun/2026 20:16:42] "GET /train/status/a6c54f179ed8460f8fe708303edf12e2 HTTP/1.1" 200 451
[17/Jun/2026 20:16:43] "GET /train/status/a6c54f179ed8460f8fe708303edf12e2 HTTP/1.1" 200 451
[17/Jun/2026 20:16:43] "GET /train/status/a6c54f179ed8460f8fe708303edf12e2 HTTP/1.1" 200 451
[17/Jun/2026 20:16:44] "GET /train/status/a6c54f179ed8460f8fe708303edf12e2 HTTP/1.1" 200 451
[17/Jun/2026 20:16:45] "GET /train/status/a6c54f179ed8460f8fe708303edf12e2 HTTP/1.1" 200 451
[17/Jun/2026 20:16:46] "GET /train/status/a6c54f179ed8460f8fe708303edf12e2 HTTP/1.1" 200 451
[17/Jun/2026 20:16:47] "GET /train/status/a6c54f179ed8460f8fe708303edf12e2 HTTP/1.1" 200 451
[17/Jun/2026 20:16:48] "GET /train/status/a6c54f179ed8460f8fe708303edf12e2 HTTP/1.1" 200 451
[17/Jun/2026 20:16:49] "GET /train/status/a6c54f179ed8460f8fe708303edf12e2 HTTP/1.1" 200 451
[17/Jun/2026 20:17:06] "GET /train/status/a6c54f179ed8460f8fe708303edf12e2 HTTP/1.1" 200 451
[17/Jun/2026 20:17:06] "GET /train/status/a6c54f179ed8460f8fe708303edf12e2 HTTP/1.1" 200 451
[17/Jun/2026 20:17:06] "GET /train/status/a6c54f179ed8460f8fe708303edf12e2 HTTP/1.1" 200 451
[17/Jun/2026 20:17:21] "GET /train/status/a6c54f179ed8460f8fe708303edf12e2 HTTP/1.1" 200 451
[17/Jun/2026 20:17:22] "GET /train/status/a6c54f179ed8460f8fe708303edf12e2 HTTP/1.1" 200 451
[17/Jun/2026 20:17:23] "GET /train/status/a6c54f179ed8460f8fe708303edf12e2 HTTP/1.1" 200 451
[17/Jun/2026 20:17:41] "GET /train/status/a6c54f179ed8460f8fe708303edf12e2 HTTP/1.1" 200 451
[17/Jun/2026 20:17:41] "GET /train/status/a6c54f179ed8460f8fe708303edf12e2 HTTP/1.1" 200 451
[17/Jun/2026 20:17:41] "GET /train/status/a6c54f179ed8460f8fe708303edf12e2 HTTP/1.1" 200 451
[17/Jun/2026 20:17:41] "GET /train/status/a6c54f179ed8460f8fe708303edf12e2 HTTP/1.1" 200 451
[17/Jun/2026 20:17:41] "GET /train/status/a6c54f179ed8460f8fe708303edf12e2 HTTP/1.1" 200 451
[17/Jun/2026 20:17:41] "GET /train/status/a6c54f179ed8460f8fe708303edf12e2 HTTP/1.1" 200 451
[17/Jun/2026 20:17:57] "GET /train/status/a6c54f179ed8460f8fe708303edf12e2 HTTP/1.1" 200 451
[17/Jun/2026 20:17:57] "GET /train/status/a6c54f179ed8460f8fe708303edf12e2 HTTP/1.1" 200 451
[17/Jun/2026 20:17:58] "GET /train/status/a6c54f179ed8460f8fe708303edf12e2 HTTP/1.1" 200 451
[17/Jun/2026 20:17:59] "GET /train/status/a6c54f179ed8460f8fe708303edf12e2 HTTP/1.1" 200 451
[17/Jun/2026 20:18:00] "GET /train/status/a6c54f179ed8460f8fe708303edf12e2 HTTP/1.1" 200 451
[17/Jun/2026 20:18:01] "GET /train/status/a6c54f179ed8460f8fe708303edf12e2 HTTP/1.1" 200 451
[17/Jun/2026 20:18:35] "GET /train/status/a6c54f179ed8460f8fe708303edf12e2 HTTP/1.1" 200 451
[17/Jun/2026 20:19:17] "GET /train/status/a6c54f179ed8460f8fe708303edf12e2 HTTP/1.1" 200 451
[17/Jun/2026 20:19:17] "GET /train/status/a6c54f179ed8460f8fe708303edf12e2 HTTP/1.1" 200 451
[17/Jun/2026 20:19:18] "GET /train/status/a6c54f179ed8460f8fe708303edf12e2 HTTP/1.1" 200 451
[17/Jun/2026 20:19:19] "GET /train/status/a6c54f179ed8460f8fe708303edf12e2 HTTP/1.1" 200 451
[17/Jun/2026 20:19:20] "GET /train/status/a6c54f179ed8460f8fe708303edf12e2 HTTP/1.1" 200 451
[17/Jun/2026 20:19:22] "GET /train/status/a6c54f179ed8460f8fe708303edf12e2 HTTP/1.1" 200 451
[17/Jun/2026 20:19:29] "GET /train/status/a6c54f179ed8460f8fe708303edf12e2 HTTP/1.1" 200 451
[17/Jun/2026 20:19:30] "GET /train/status/a6c54f179ed8460f8fe708303edf12e2 HTTP/1.1" 200 451
[17/Jun/2026 20:19:32] "GET /train/status/a6c54f179ed8460f8fe708303edf12e2 HTTP/1.1" 200 451
[17/Jun/2026 20:19:32] "GET /train/status/a6c54f179ed8460f8fe708303edf12e2 HTTP/1.1" 200 451
[17/Jun/2026 20:19:32] "GET /train/status/a6c54f179ed8460f8fe708303edf12e2 HTTP/1.1" 200 451
[17/Jun/2026 20:19:38] "GET /train/status/a6c54f179ed8460f8fe708303edf12e2 HTTP/1.1" 200 451
[17/Jun/2026 20:19:38] "GET /train/status/a6c54f179ed8460f8fe708303edf12e2 HTTP/1.1" 200 451
[17/Jun/2026 20:19:55] "GET /train/status/a6c54f179ed8460f8fe708303edf12e2 HTTP/1.1" 200 451
[17/Jun/2026 20:19:55] "GET /train/status/a6c54f179ed8460f8fe708303edf12e2 HTTP/1.1" 200 451
[17/Jun/2026 20:19:56] "GET /train/status/a6c54f179ed8460f8fe708303edf12e2 HTTP/1.1" 200 451
[17/Jun/2026 20:19:57] "GET /train/status/a6c54f179ed8460f8fe708303edf12e2 HTTP/1.1" 200 451
[17/Jun/2026 20:19:58] "GET /train/status/a6c54f179ed8460f8fe708303edf12e2 HTTP/1.1" 200 451
[17/Jun/2026 20:19:59] "GET /train/status/a6c54f179ed8460f8fe708303edf12e2 HTTP/1.1" 200 451
[17/Jun/2026 20:20:01] "GET /train/status/a6c54f179ed8460f8fe708303edf12e2 HTTP/1.1" 200 451
[17/Jun/2026 20:20:04] "GET /train/status/a6c54f179ed8460f8fe708303edf12e2 HTTP/1.1" 200 451
[17/Jun/2026 20:20:08] "GET /train/status/a6c54f179ed8460f8fe708303edf12e2 HTTP/1.1" 200 451
[17/Jun/2026 20:20:08] "GET /train/status/a6c54f179ed8460f8fe708303edf12e2 HTTP/1.1" 200 451
[17/Jun/2026 20:20:08] "GET /train/status/a6c54f179ed8460f8fe708303edf12e2 HTTP/1.1" 200 451
[17/Jun/2026 20:20:10] "GET /train/status/a6c54f179ed8460f8fe708303edf12e2 HTTP/1.1" 200 451
[17/Jun/2026 20:22:06] "GET /train/status/a6c54f179ed8460f8fe708303edf12e2 HTTP/1.1" 200 451
[17/Jun/2026 20:22:06] "GET /train/status/a6c54f179ed8460f8fe708303edf12e2 HTTP/1.1" 200 451
[17/Jun/2026 20:22:06] "GET /train/status/a6c54f179ed8460f8fe708303edf12e2 HTTP/1.1" 200 451
[17/Jun/2026 20:22:06] "GET /train/status/a6c54f179ed8460f8fe708303edf12e2 HTTP/1.1" 200 451
[17/Jun/2026 20:22:06] "GET /train/status/a6c54f179ed8460f8fe708303edf12e2 HTTP/1.1" 200 451
[17/Jun/2026 20:22:06] "GET /train/status/a6c54f179ed8460f8fe708303edf12e2 HTTP/1.1" 200 451
[17/Jun/2026 20:22:08] "GET /train/status/a6c54f179ed8460f8fe708303edf12e2 HTTP/1.1" 200 451
[17/Jun/2026 20:22:09] "GET /train/status/a6c54f179ed8460f8fe708303edf12e2 HTTP/1.1" 200 451
[17/Jun/2026 20:22:09] "GET /train/status/a6c54f179ed8460f8fe708303edf12e2 HTTP/1.1" 200 451
[17/Jun/2026 20:22:10] "GET /train/status/a6c54f179ed8460f8fe708303edf12e2 HTTP/1.1" 200 451
[17/Jun/2026 20:22:12] "GET /train/status/a6c54f179ed8460f8fe708303edf12e2 HTTP/1.1" 200 451
[17/Jun/2026 20:22:12] "GET /train/status/a6c54f179ed8460f8fe708303edf12e2 HTTP/1.1" 200 451
[17/Jun/2026 20:22:13] "GET /train/status/a6c54f179ed8460f8fe708303edf12e2 HTTP/1.1" 200 451
[17/Jun/2026 20:22:15] "GET /train/status/a6c54f179ed8460f8fe708303edf12e2 HTTP/1.1" 200 451
[17/Jun/2026 20:22:16] "GET /train/status/a6c54f179ed8460f8fe708303edf12e2 HTTP/1.1" 200 451
[17/Jun/2026 20:22:17] "GET /train/status/a6c54f179ed8460f8fe708303edf12e2 HTTP/1.1" 200 451
[17/Jun/2026 20:22:17] "GET /train/status/a6c54f179ed8460f8fe708303edf12e2 HTTP/1.1" 200 451
[17/Jun/2026 20:22:19] "GET /train/status/a6c54f179ed8460f8fe708303edf12e2 HTTP/1.1" 200 451
[17/Jun/2026 20:22:19] "GET /train/status/a6c54f179ed8460f8fe708303edf12e2 HTTP/1.1" 200 451
[17/Jun/2026 20:22:20] "GET /train/status/a6c54f179ed8460f8fe708303edf12e2 HTTP/1.1" 200 451
[17/Jun/2026 20:22:21] "GET /train/status/a6c54f179ed8460f8fe708303edf12e2 HTTP/1.1" 200 451
[17/Jun/2026 20:22:22] "GET /train/status/a6c54f179ed8460f8fe708303edf12e2 HTTP/1.1" 200 451
[17/Jun/2026 20:22:23] "GET /train/status/a6c54f179ed8460f8fe708303edf12e2 HTTP/1.1" 200 451
[17/Jun/2026 20:22:24] "GET /train/status/a6c54f179ed8460f8fe708303edf12e2 HTTP/1.1" 200 451
[17/Jun/2026 20:22:25] "GET /train/status/a6c54f179ed8460f8fe708303edf12e2 HTTP/1.1" 200 451
[17/Jun/2026 20:22:26] "GET /train/status/a6c54f179ed8460f8fe708303edf12e2 HTTP/1.1" 200 451
[17/Jun/2026 20:22:27] "GET /train/status/a6c54f179ed8460f8fe708303edf12e2 HTTP/1.1" 200 451
[17/Jun/2026 20:22:28] "GET /train/status/a6c54f179ed8460f8fe708303edf12e2 HTTP/1.1" 200 451
[17/Jun/2026 20:22:30] "GET /train/status/a6c54f179ed8460f8fe708303edf12e2 HTTP/1.1" 200 451
[17/Jun/2026 20:22:30] "GET /train/status/a6c54f179ed8460f8fe708303edf12e2 HTTP/1.1" 200 451
[17/Jun/2026 20:22:31] "GET /train/status/a6c54f179ed8460f8fe708303edf12e2 HTTP/1.1" 200 451
[17/Jun/2026 20:22:32] "GET /train/status/a6c54f179ed8460f8fe708303edf12e2 HTTP/1.1" 200 451
[17/Jun/2026 20:22:33] "GET /train/status/a6c54f179ed8460f8fe708303edf12e2 HTTP/1.1" 200 451
[17/Jun/2026 20:22:42] "GET /train/status/a6c54f179ed8460f8fe708303edf12e2 HTTP/1.1" 200 451
[17/Jun/2026 20:22:43] "GET /train/status/a6c54f179ed8460f8fe708303edf12e2 HTTP/1.1" 200 451
[17/Jun/2026 20:22:43] "GET /train/status/a6c54f179ed8460f8fe708303edf12e2 HTTP/1.1" 200 451
[17/Jun/2026 20:22:43] "GET /train/status/a6c54f179ed8460f8fe708303edf12e2 HTTP/1.1" 200 451
[17/Jun/2026 20:22:44] "GET /train/status/a6c54f179ed8460f8fe708303edf12e2 HTTP/1.1" 200 451
[17/Jun/2026 20:22:51] "GET /train/status/a6c54f179ed8460f8fe708303edf12e2 HTTP/1.1" 200 451
[17/Jun/2026 20:22:51] "GET /train/status/a6c54f179ed8460f8fe708303edf12e2 HTTP/1.1" 200 451
[17/Jun/2026 20:22:52] "GET /train/status/a6c54f179ed8460f8fe708303edf12e2 HTTP/1.1" 200 451
[17/Jun/2026 20:22:53] "GET /train/status/a6c54f179ed8460f8fe708303edf12e2 HTTP/1.1" 200 451
[17/Jun/2026 20:22:54] "GET /train/status/a6c54f179ed8460f8fe708303edf12e2 HTTP/1.1" 200 451
[17/Jun/2026 20:22:59] "GET /train/status/a6c54f179ed8460f8fe708303edf12e2 HTTP/1.1" 200 451
[17/Jun/2026 20:22:59] "GET /train/status/a6c54f179ed8460f8fe708303edf12e2 HTTP/1.1" 200 451
[17/Jun/2026 20:23:07] "GET /train/status/a6c54f179ed8460f8fe708303edf12e2 HTTP/1.1" 200 451
[17/Jun/2026 20:23:45] "GET /train/status/a6c54f179ed8460f8fe708303edf12e2 HTTP/1.1" 200 451
[17/Jun/2026 20:23:46] "GET /train/status/a6c54f179ed8460f8fe708303edf12e2 HTTP/1.1" 200 451
[17/Jun/2026 20:23:47] "GET /train/status/a6c54f179ed8460f8fe708303edf12e2 HTTP/1.1" 200 451
[17/Jun/2026 20:23:47] "GET /train/status/a6c54f179ed8460f8fe708303edf12e2 HTTP/1.1" 200 451
[17/Jun/2026 20:23:48] "GET /train/status/a6c54f179ed8460f8fe708303edf12e2 HTTP/1.1" 200 451
[17/Jun/2026 20:23:49] "GET /train/status/a6c54f179ed8460f8fe708303edf12e2 HTTP/1.1" 200 451
[17/Jun/2026 20:23:50] "GET /train/status/a6c54f179ed8460f8fe708303edf12e2 HTTP/1.1" 200 451
[17/Jun/2026 20:23:51] "GET /train/status/a6c54f179ed8460f8fe708303edf12e2 HTTP/1.1" 200 451
[17/Jun/2026 20:23:52] "GET /train/status/a6c54f179ed8460f8fe708303edf12e2 HTTP/1.1" 200 451
[17/Jun/2026 20:23:53] "GET /train/status/a6c54f179ed8460f8fe708303edf12e2 HTTP/1.1" 200 451
[17/Jun/2026 20:23:54] "GET /train/status/a6c54f179ed8460f8fe708303edf12e2 HTTP/1.1" 200 451
[17/Jun/2026 20:23:55] "GET /train/status/a6c54f179ed8460f8fe708303edf12e2 HTTP/1.1" 200 451
[17/Jun/2026 20:23:56] "GET /train/status/a6c54f179ed8460f8fe708303edf12e2 HTTP/1.1" 200 451
[17/Jun/2026 20:23:57] "GET /train/status/a6c54f179ed8460f8fe708303edf12e2 HTTP/1.1" 200 451
[17/Jun/2026 20:23:58] "GET /train/status/a6c54f179ed8460f8fe708303edf12e2 HTTP/1.1" 200 451
[17/Jun/2026 20:23:59] "GET /train/status/a6c54f179ed8460f8fe708303edf12e2 HTTP/1.1" 200 451
[17/Jun/2026 20:24:00] "GET /train/status/a6c54f179ed8460f8fe708303edf12e2 HTTP/1.1" 200 451
[17/Jun/2026 20:24:01] "GET /train/status/a6c54f179ed8460f8fe708303edf12e2 HTTP/1.1" 200 451
[17/Jun/2026 20:24:02] "GET /train/status/a6c54f179ed8460f8fe708303edf12e2 HTTP/1.1" 200 451
[17/Jun/2026 20:24:03] "GET /train/status/a6c54f179ed8460f8fe708303edf12e2 HTTP/1.1" 200 451
[17/Jun/2026 20:24:04] "GET /train/status/a6c54f179ed8460f8fe708303edf12e2 HTTP/1.1" 200 451
[17/Jun/2026 20:24:22] "GET /train/status/a6c54f179ed8460f8fe708303edf12e2 HTTP/1.1" 200 451
[17/Jun/2026 20:24:22] "GET /train/status/a6c54f179ed8460f8fe708303edf12e2 HTTP/1.1" 200 451
[17/Jun/2026 20:24:22] "GET /train/status/a6c54f179ed8460f8fe708303edf12e2 HTTP/1.1" 200 451
[17/Jun/2026 20:24:22] "GET /train/status/a6c54f179ed8460f8fe708303edf12e2 HTTP/1.1" 200 451
[17/Jun/2026 20:24:23] "GET /train/status/a6c54f179ed8460f8fe708303edf12e2 HTTP/1.1" 200 451
[17/Jun/2026 20:24:24] "GET /train/status/a6c54f179ed8460f8fe708303edf12e2 HTTP/1.1" 200 451
[17/Jun/2026 20:24:24] "GET /train/status/a6c54f179ed8460f8fe708303edf12e2 HTTP/1.1" 200 451
[17/Jun/2026 20:24:25] "GET /train/status/a6c54f179ed8460f8fe708303edf12e2 HTTP/1.1" 200 451
[17/Jun/2026 20:24:26] "GET /train/status/a6c54f179ed8460f8fe708303edf12e2 HTTP/1.1" 200 451
[17/Jun/2026 20:24:28] "GET /train/status/a6c54f179ed8460f8fe708303edf12e2 HTTP/1.1" 200 451
[17/Jun/2026 20:24:28] "GET /train/status/a6c54f179ed8460f8fe708303edf12e2 HTTP/1.1" 200 451
[17/Jun/2026 20:24:29] "GET /train/status/a6c54f179ed8460f8fe708303edf12e2 HTTP/1.1" 200 451
[17/Jun/2026 20:24:30] "GET /train/status/a6c54f179ed8460f8fe708303edf12e2 HTTP/1.1" 200 451
[17/Jun/2026 20:24:31] "GET /train/status/a6c54f179ed8460f8fe708303edf12e2 HTTP/1.1" 200 451
[17/Jun/2026 20:24:32] "GET /train/status/a6c54f179ed8460f8fe708303edf12e2 HTTP/1.1" 200 451
[17/Jun/2026 20:24:33] "GET /train/status/a6c54f179ed8460f8fe708303edf12e2 HTTP/1.1" 200 451
[17/Jun/2026 20:24:34] "GET /train/status/a6c54f179ed8460f8fe708303edf12e2 HTTP/1.1" 200 451
[17/Jun/2026 20:24:35] "GET /train/status/a6c54f179ed8460f8fe708303edf12e2 HTTP/1.1" 200 451
[17/Jun/2026 20:24:36] "GET /train/status/a6c54f179ed8460f8fe708303edf12e2 HTTP/1.1" 200 451
[17/Jun/2026 20:24:37] "GET /train/status/a6c54f179ed8460f8fe708303edf12e2 HTTP/1.1" 200 451
[17/Jun/2026 20:24:38] "GET /train/status/a6c54f179ed8460f8fe708303edf12e2 HTTP/1.1" 200 451
[17/Jun/2026 20:24:39] "GET /train/status/a6c54f179ed8460f8fe708303edf12e2 HTTP/1.1" 200 451
[17/Jun/2026 20:24:40] "GET /train/status/a6c54f179ed8460f8fe708303edf12e2 HTTP/1.1" 200 451
[17/Jun/2026 20:24:42] "GET /train/status/a6c54f179ed8460f8fe708303edf12e2 HTTP/1.1" 200 451
[17/Jun/2026 20:24:43] "GET /train/status/a6c54f179ed8460f8fe708303edf12e2 HTTP/1.1" 200 451
[17/Jun/2026 20:24:43] "GET /train/status/a6c54f179ed8460f8fe708303edf12e2 HTTP/1.1" 200 451
[17/Jun/2026 20:24:44] "GET /train/status/a6c54f179ed8460f8fe708303edf12e2 HTTP/1.1" 200 451
[17/Jun/2026 20:24:45] "GET /train/status/a6c54f179ed8460f8fe708303edf12e2 HTTP/1.1" 200 451
[17/Jun/2026 20:24:46] "GET /train/status/a6c54f179ed8460f8fe708303edf12e2 HTTP/1.1" 200 451
[17/Jun/2026 20:24:47] "GET /train/status/a6c54f179ed8460f8fe708303edf12e2 HTTP/1.1" 200 451
[17/Jun/2026 20:24:48] "GET /train/status/a6c54f179ed8460f8fe708303edf12e2 HTTP/1.1" 200 451
[17/Jun/2026 20:24:49] "GET /train/status/a6c54f179ed8460f8fe708303edf12e2 HTTP/1.1" 200 451
[17/Jun/2026 20:24:50] "GET /train/status/a6c54f179ed8460f8fe708303edf12e2 HTTP/1.1" 200 451
[17/Jun/2026 20:24:51] "GET /train/status/a6c54f179ed8460f8fe708303edf12e2 HTTP/1.1" 200 451
[17/Jun/2026 20:24:52] "GET /train/status/a6c54f179ed8460f8fe708303edf12e2 HTTP/1.1" 200 608
[17/Jun/2026 20:24:53] "GET /models HTTP/1.1" 200 82405
C:\Users\HP-\Desktop\OXYGEN_PREDICTOR_PROJECT\backend\trainer.py changed, reloading.
Watching for file changes with StatReloader
C:\Users\HP-\Desktop\OXYGEN_PREDICTOR_PROJECT\backend\trainer.py changed, reloading.
Watching for file changes with StatReloader
C:\Users\HP-\Desktop\OXYGEN_PREDICTOR_PROJECT\backend\trainer.py changed, reloading.
Watching for file changes with StatReloader
[17/Jun/2026 20:37:54] "POST /auth/logout HTTP/1.1" 200 12
C:\Users\HP-\Desktop\OXYGEN_PREDICTOR_PROJECT\backend\trainer.py changed, reloading.
Watching for file changes with StatReloader
C:\Users\HP-\Desktop\OXYGEN_PREDICTOR_PROJECT\backend\trainer.py changed, reloading.
Watching for file changes with StatReloader
C:\Users\HP-\Desktop\OXYGEN_PREDICTOR_PROJECT\backend\apps\api\training_views.py changed, reloading.
Watching for file changes with StatReloader
C:\Users\HP-\Desktop\OXYGEN_PREDICTOR_PROJECT\backend\apps\api\model_views.py changed, reloading.
Watching for file changes with StatReloader
C:\Users\HP-\Desktop\OXYGEN_PREDICTOR_PROJECT\backend\apps\api\model_views.py changed, reloading.
Watching for file changes with StatReloader
